Riviera-PRO 2023.04.112.8911(Linux64) 2026-01-10 15:12:47

Elaboration top modules:
Verilog Module                tb_top
SystemVerilog Package         pkt_pkg


------------------------------------------------------------------------------------------------
Verilog Module                   | Library | Info | Compiler Version      | Compilation Options
------------------------------------------------------------------------------------------------
tb_top                           | work    |      | 2023.04.112 (Linux64) | -timescale 1ns/1ns
packet_router_qos                | work    |      | 2023.04.112 (Linux64) | -timescale 1ns/1ns
small_fifo                       | work    |      | 2023.04.112 (Linux64) | -timescale 1ns/1ns
qos_arbiter                      | work    |      | 2023.04.112 (Linux64) | -timescale 1ns/1ns
rr_arbiter                       | work    |      | 2023.04.112 (Linux64) | -timescale 1ns/1ns
------------------------------------------------------------------------------------------------

------------------------------------------------------------------------------------------------
SystemVerilog Package            | Library | Info | Compiler Version      | Compilation Options
------------------------------------------------------------------------------------------------
pkt_pkg                          | work    |      | 2023.04.112 (Linux64) | -timescale 1ns/1ns
------------------------------------------------------------------------------------------------

------------------------------------------------------------------------------------------------
SystemVerilog Interface          | Library | Info | Compiler Version      | Compilation Options
------------------------------------------------------------------------------------------------
packet_if                        | work    |      | 2023.04.112 (Linux64) | -timescale 1ns/1ns
------------------------------------------------------------------------------------------------

------------------------------------------------------------------------------------------------
SystemVerilog Modport            | Library | Info | Compiler Version      | Compilation Options
------------------------------------------------------------------------------------------------
\packet_if \\packet_if.src \\ \  | work    |      | 2023.04.112 (Linux64) | -timescale 1ns/1ns
\packet_if \\packet_if.sink \\ \ | work    |      | 2023.04.112 (Linux64) | -timescale 1ns/1ns
------------------------------------------------------------------------------------------------

------------------------------------------------------------------------------------------------
Library                          | Comment
------------------------------------------------------------------------------------------------
work                             | None
------------------------------------------------------------------------------------------------


Simulation Options: asim +access+r


The performance of simulation is reduced. Version EDU Edition
